/scratch/user/yining_yang/TAMU/PhD/Pannot-Data/src/Composer/template_utils.py:295: RuntimeWarning: Skipping invalid cofactor annotation: {'Cofactors': None, 'ListOfCofactors': None, 'Notes': 'Does not require a metal cofactor.'}
  warnings.warn(
/scratch/user/yining_yang/TAMU/PhD/Pannot-Data/src/Composer/template_utils.py:265: UserWarning: Unknown EC number 3.4.-.-
  warnings.warn(f"Unknown EC number {ec_number}")
/scratch/user/yining_yang/TAMU/PhD/Pannot-Data/src/Composer/template_utils.py:265: UserWarning: Unknown EC number 3.1.-.-
  warnings.warn(f"Unknown EC number {ec_number}")
/scratch/user/yining_yang/TAMU/PhD/Pannot-Data/src/Composer/template_utils.py:265: UserWarning: Unknown EC number 5.6.1.7
  warnings.warn(f"Unknown EC number {ec_number}")
/scratch/user/yining_yang/TAMU/PhD/Pannot-Data/src/Composer/template_utils.py:265: UserWarning: Unknown EC number 4.98.1.1
  warnings.warn(f"Unknown EC number {ec_number}")
/scratch/user/yining_yang/TAMU/PhD/Pannot-Data/src/Composer/template_utils.py:265: UserWarning: Unknown EC number 1.14.-.-
  warnings.warn(f"Unknown EC number {ec_number}")
/scratch/user/yining_yang/TAMU/PhD/Pannot-Data/src/Composer/template_utils.py:265: UserWarning: Unknown EC number 7.5.2.3
  warnings.warn(f"Unknown EC number {ec_number}")
/scratch/user/yining_yang/TAMU/PhD/Pannot-Data/src/Composer/template_utils.py:265: UserWarning: Unknown EC number 7.5.2.6
  warnings.warn(f"Unknown EC number {ec_number}")
/scratch/user/yining_yang/TAMU/PhD/Pannot-Data/src/Composer/template_utils.py:265: UserWarning: Unknown EC number 7.5.2.12
  warnings.warn(f"Unknown EC number {ec_number}")
/scratch/user/yining_yang/TAMU/PhD/Pannot-Data/src/Composer/template_utils.py:265: UserWarning: Unknown EC number 1.-.-.-
  warnings.warn(f"Unknown EC number {ec_number}")
/scratch/user/yining_yang/TAMU/PhD/Pannot-Data/src/Composer/template_utils.py:265: UserWarning: Unknown EC number 7.5.2.1
  warnings.warn(f"Unknown EC number {ec_number}")
/scratch/user/yining_yang/TAMU/PhD/Pannot-Data/src/Composer/template_utils.py:265: UserWarning: Unknown EC number 2.7.-.-
  warnings.warn(f"Unknown EC number {ec_number}")
/scratch/user/yining_yang/TAMU/PhD/Pannot-Data/src/Composer/template_utils.py:265: UserWarning: Unknown EC number 7.5.2.7
  warnings.warn(f"Unknown EC number {ec_number}")
/scratch/user/yining_yang/TAMU/PhD/Pannot-Data/src/Composer/template_utils.py:265: UserWarning: Unknown EC number 7.5.2.10
  warnings.warn(f"Unknown EC number {ec_number}")
/scratch/user/yining_yang/TAMU/PhD/Pannot-Data/src/Composer/template_utils.py:265: UserWarning: Unknown EC number 7.5.2.11
  warnings.warn(f"Unknown EC number {ec_number}")
/scratch/user/yining_yang/TAMU/PhD/Pannot-Data/src/Composer/template_utils.py:265: UserWarning: Unknown EC number 7.-.-.-
  warnings.warn(f"Unknown EC number {ec_number}")
/scratch/user/yining_yang/TAMU/PhD/Pannot-Data/src/Composer/template_utils.py:265: UserWarning: Unknown EC number 2.1.-.-
  warnings.warn(f"Unknown EC number {ec_number}")
/scratch/user/yining_yang/TAMU/PhD/Pannot-Data/src/Composer/template_utils.py:265: UserWarning: Unknown EC number 1.16.-.-
  warnings.warn(f"Unknown EC number {ec_number}")
/scratch/user/yining_yang/TAMU/PhD/Pannot-Data/src/Composer/template_utils.py:265: UserWarning: Unknown EC number 3.2.-.-
  warnings.warn(f"Unknown EC number {ec_number}")
/scratch/user/yining_yang/TAMU/PhD/Pannot-Data/src/Composer/template_utils.py:265: UserWarning: Unknown EC number 5.6.2.2
  warnings.warn(f"Unknown EC number {ec_number}")
/scratch/user/yining_yang/TAMU/PhD/Pannot-Data/src/Composer/template_utils.py:265: UserWarning: Unknown EC number 5.6.2.3
  warnings.warn(f"Unknown EC number {ec_number}")
/scratch/user/yining_yang/TAMU/PhD/Pannot-Data/src/Composer/template_utils.py:265: UserWarning: Unknown EC number 2.4.-.-
  warnings.warn(f"Unknown EC number {ec_number}")
/scratch/user/yining_yang/TAMU/PhD/Pannot-Data/src/Composer/template_utils.py:265: UserWarning: Unknown EC number 3.6.-.-
  warnings.warn(f"Unknown EC number {ec_number}")
/scratch/user/yining_yang/TAMU/PhD/Pannot-Data/src/Composer/template_utils.py:265: UserWarning: Unknown EC number 5.6.2.4
  warnings.warn(f"Unknown EC number {ec_number}")
/scratch/user/yining_yang/TAMU/PhD/Pannot-Data/src/Composer/template_utils.py:295: RuntimeWarning: Skipping invalid cofactor annotation: {'Cofactors': None, 'ListOfCofactors': None, 'Notes': 'Binds multiple chlorophylls. PSII binds additional chlorophylls, carotenoids and specific lipids.'}
  warnings.warn(
/scratch/user/yining_yang/TAMU/PhD/Pannot-Data/src/Composer/template_utils.py:295: RuntimeWarning: Skipping invalid cofactor annotation: {'Cofactors': None, 'ListOfCofactors': None, 'Notes': "P700 is a chlorophyll a/chlorophyll a' dimer, A0 is one or more chlorophyll a, A1 is one or both phylloquinones and FX is a shared 4Fe-4S iron-sulfur center."}
  warnings.warn(
Traceback (most recent call last):
  File "<frozen runpy>", line 198, in _run_module_as_main
  File "<frozen runpy>", line 88, in _run_code
  File "/scratch/user/yining_yang/TAMU/PhD/Pannot-Data/data/fill_in_templates_parallel.py", line 255, in <module>
    main()
  File "/scratch/user/yining_yang/TAMU/PhD/Pannot-Data/data/fill_in_templates_parallel.py", line 208, in main
    create_sample_cf_residue_level(
  File "/scratch/user/yining_yang/TAMU/PhD/Pannot-Data/src/Composer/template_utils.py", line 308, in create_sample_cf_residue_level
    if binding_site["Ligand"] in cofactors_at_one_site["ListOfCofactors"]:
       ^^^^^^^^^^^^^^^^^^^^^^^^^^^^^^^^^^^^^^^^^^^^^^^^^^^^^^^^^^^^^^^^^^
TypeError: argument of type 'NoneType' is not iterable
