/scratch/user/yining_yang/TAMU/PhD/Pannot-Data/src/Composer/template_utils.py:280: UserWarning: Unknown EC number 1.-.-.-
  warnings.warn(f"Unknown EC number {ec_number}")
/scratch/user/yining_yang/TAMU/PhD/Pannot-Data/src/Composer/template_utils.py:280: UserWarning: Unknown EC number 3.1.-.-
  warnings.warn(f"Unknown EC number {ec_number}")
/scratch/user/yining_yang/TAMU/PhD/Pannot-Data/src/Composer/template_utils.py:280: UserWarning: Unknown EC number 4.-.-.-
  warnings.warn(f"Unknown EC number {ec_number}")
/scratch/user/yining_yang/TAMU/PhD/Pannot-Data/src/Composer/template_utils.py:280: UserWarning: Unknown EC number 1.14.-.-
  warnings.warn(f"Unknown EC number {ec_number}")
/scratch/user/yining_yang/TAMU/PhD/Pannot-Data/src/Composer/template_utils.py:280: UserWarning: Unknown EC number 4.2.-.-
  warnings.warn(f"Unknown EC number {ec_number}")
/scratch/user/yining_yang/TAMU/PhD/Pannot-Data/src/Composer/template_utils.py:280: UserWarning: Unknown EC number 1.1.-.-
  warnings.warn(f"Unknown EC number {ec_number}")
/scratch/user/yining_yang/TAMU/PhD/Pannot-Data/src/Composer/template_utils.py:280: UserWarning: Unknown EC number 2.6.-.-
  warnings.warn(f"Unknown EC number {ec_number}")
/scratch/user/yining_yang/TAMU/PhD/Pannot-Data/src/Composer/template_utils.py:280: UserWarning: Unknown EC number 1.11.-.-
  warnings.warn(f"Unknown EC number {ec_number}")
/scratch/user/yining_yang/TAMU/PhD/Pannot-Data/src/Composer/template_utils.py:280: UserWarning: Unknown EC number 2.-.-.-
  warnings.warn(f"Unknown EC number {ec_number}")
/scratch/user/yining_yang/TAMU/PhD/Pannot-Data/src/Composer/template_utils.py:280: UserWarning: Unknown EC number 3.4.-.-
  warnings.warn(f"Unknown EC number {ec_number}")
/scratch/user/yining_yang/TAMU/PhD/Pannot-Data/src/Composer/template_utils.py:318: RuntimeWarning: Skipping invalid cofactor annotation: {'Cofactors': None, 'ListOfCofactors': None, 'Notes': 'Does not require a divalent metal for activity (PubMed:23214453). The purified enzyme contains Zn(2+), but the addition of chelators does not diminish the catalytic activity of the enzyme, indicating that it does not require a divalent cation for substrate turnover (PubMed:23214453).'}
  warnings.warn(
/scratch/user/yining_yang/TAMU/PhD/Pannot-Data/src/Composer/template_utils.py:280: UserWarning: Unknown EC number 6.7.1.1
  warnings.warn(f"Unknown EC number {ec_number}")
/scratch/user/yining_yang/TAMU/PhD/Pannot-Data/src/Composer/template_utils.py:318: RuntimeWarning: Skipping invalid cofactor annotation: {'Cofactors': None, 'ListOfCofactors': None, 'Notes': 'Does not require metal ions for activity.'}
  warnings.warn(
Traceback (most recent call last):
  File "<frozen runpy>", line 198, in _run_module_as_main
  File "<frozen runpy>", line 88, in _run_code
  File "/scratch/user/yining_yang/TAMU/PhD/Pannot-Data/data/fill_in_templates_parallel.py", line 255, in <module>
    main()
  File "/scratch/user/yining_yang/TAMU/PhD/Pannot-Data/data/fill_in_templates_parallel.py", line 208, in main
    create_sample_cf_residue_level(
  File "/scratch/user/yining_yang/TAMU/PhD/Pannot-Data/src/Composer/template_utils.py", line 331, in create_sample_cf_residue_level
    if binding_site["Ligand"] in cofactors_at_one_site["ListOfCofactors"]:
       ^^^^^^^^^^^^^^^^^^^^^^^^^^^^^^^^^^^^^^^^^^^^^^^^^^^^^^^^^^^^^^^^^^
TypeError: argument of type 'NoneType' is not iterable
