/scratch/user/yining_yang/TAMU/PhD/Pannot-Data/src/Composer/template_utils.py:280: UserWarning: Unknown EC number 2.7.-.-
  warnings.warn(f"Unknown EC number {ec_number}")
/scratch/user/yining_yang/TAMU/PhD/Pannot-Data/src/Composer/template_utils.py:280: UserWarning: Unknown EC number 1.-.-.-
  warnings.warn(f"Unknown EC number {ec_number}")
/scratch/user/yining_yang/TAMU/PhD/Pannot-Data/src/Composer/template_utils.py:280: UserWarning: Unknown EC number 3.1.-.-
  warnings.warn(f"Unknown EC number {ec_number}")
/scratch/user/yining_yang/TAMU/PhD/Pannot-Data/src/Composer/template_utils.py:280: UserWarning: Unknown EC number 2.-.-.-
  warnings.warn(f"Unknown EC number {ec_number}")
/scratch/user/yining_yang/TAMU/PhD/Pannot-Data/src/Composer/template_utils.py:280: UserWarning: Unknown EC number 3.3.-.-
  warnings.warn(f"Unknown EC number {ec_number}")
/scratch/user/yining_yang/TAMU/PhD/Pannot-Data/src/Composer/template_utils.py:280: UserWarning: Unknown EC number 3.6.-.-
  warnings.warn(f"Unknown EC number {ec_number}")
/scratch/user/yining_yang/TAMU/PhD/Pannot-Data/src/Composer/uniprot_utils.py:41: UserWarning: [Unexpected Key Missing] Protein: Q8IYE0 | Field: comments[5] | Field Type: SUBCELLULAR LOCATION | Missing Path: ["subcellularLocations"]
  warnings.warn(f"[Unexpected Key Missing] Protein: {protein_id} | Field: {field}[{field_idx}] | Field Type: {field_type} | Missing Path: {path}")
/scratch/user/yining_yang/TAMU/PhD/Pannot-Data/src/Composer/uniprot_utils.py:41: UserWarning: [Unexpected Key Missing] Protein: Q8K9A7 | Field: comments[2] | Field Type: SUBCELLULAR LOCATION | Missing Path: ["subcellularLocations"]
  warnings.warn(f"[Unexpected Key Missing] Protein: {protein_id} | Field: {field}[{field_idx}] | Field Type: {field_type} | Missing Path: {path}")
/scratch/user/yining_yang/TAMU/PhD/Pannot-Data/src/Composer/template_utils.py:280: UserWarning: Unknown EC number 5.6.2.3
  warnings.warn(f"Unknown EC number {ec_number}")
/scratch/user/yining_yang/TAMU/PhD/Pannot-Data/src/Composer/template_utils.py:280: UserWarning: Unknown EC number 1.14.-.-
  warnings.warn(f"Unknown EC number {ec_number}")
/scratch/user/yining_yang/TAMU/PhD/Pannot-Data/src/Composer/template_utils.py:280: UserWarning: Unknown EC number 7.-.-.-
  warnings.warn(f"Unknown EC number {ec_number}")
/scratch/user/yining_yang/TAMU/PhD/Pannot-Data/src/Composer/template_utils.py:280: UserWarning: Unknown EC number 6.-.-.-
  warnings.warn(f"Unknown EC number {ec_number}")
/scratch/user/yining_yang/TAMU/PhD/Pannot-Data/src/Composer/template_utils.py:280: UserWarning: Unknown EC number 4.-.-.-
  warnings.warn(f"Unknown EC number {ec_number}")
/scratch/user/yining_yang/TAMU/PhD/Pannot-Data/src/Composer/template_utils.py:280: UserWarning: Unknown EC number 2.4.-.-
  warnings.warn(f"Unknown EC number {ec_number}")
/scratch/user/yining_yang/TAMU/PhD/Pannot-Data/src/Composer/template_utils.py:280: UserWarning: Unknown EC number 5.6.1.7
  warnings.warn(f"Unknown EC number {ec_number}")
/scratch/user/yining_yang/TAMU/PhD/Pannot-Data/src/Composer/template_utils.py:280: UserWarning: Unknown EC number 1.7.-.-
  warnings.warn(f"Unknown EC number {ec_number}")
/scratch/user/yining_yang/TAMU/PhD/Pannot-Data/src/Composer/template_utils.py:280: UserWarning: Unknown EC number 2.1.-.-
  warnings.warn(f"Unknown EC number {ec_number}")
/scratch/user/yining_yang/TAMU/PhD/Pannot-Data/src/Composer/template_utils.py:318: RuntimeWarning: Skipping invalid cofactor annotation: {'Cofactors': None, 'ListOfCofactors': None, 'Notes': 'Binds at least 14 chlorophylls (8 Chl-a and 6 Chl-b) and carotenoids such as lutein and neoxanthin.'}
  warnings.warn(
/scratch/user/yining_yang/TAMU/PhD/Pannot-Data/src/Composer/uniprot_utils.py:41: UserWarning: [Unexpected Key Missing] Protein: Q8MUC5 | Field: comments[1] | Field Type: SUBCELLULAR LOCATION | Missing Path: ["subcellularLocations"]
  warnings.warn(f"[Unexpected Key Missing] Protein: {protein_id} | Field: {field}[{field_idx}] | Field Type: {field_type} | Missing Path: {path}")
/scratch/user/yining_yang/TAMU/PhD/Pannot-Data/src/Composer/template_utils.py:280: UserWarning: Unknown EC number 3.4.-.-
  warnings.warn(f"Unknown EC number {ec_number}")
urllib3.exceptions.SSLError: [SSL: UNEXPECTED_EOF_WHILE_READING] EOF occurred in violation of protocol (_ssl.c:1006)

The above exception was the direct cause of the following exception:

Traceback (most recent call last):
  File "/sw/eb/sw/Anaconda3/2024.02-1/lib/python3.11/site-packages/requests/adapters.py", line 486, in send
    resp = conn.urlopen(
           ^^^^^^^^^^^^^
  File "/sw/eb/sw/Anaconda3/2024.02-1/lib/python3.11/site-packages/urllib3/connectionpool.py", line 845, in urlopen
    retries = retries.increment(
              ^^^^^^^^^^^^^^^^^^
  File "/sw/eb/sw/Anaconda3/2024.02-1/lib/python3.11/site-packages/urllib3/util/retry.py", line 515, in increment
    raise MaxRetryError(_pool, url, reason) from reason  # type: ignore[arg-type]
    ^^^^^^^^^^^^^^^^^^^^^^^^^^^^^^^^^^^^^^^^^^^^^^^^^^^
urllib3.exceptions.MaxRetryError: HTTPSConnectionPool(host='rest.uniprot.org', port=443): Max retries exceeded with url: /uniprotkb/Q8N8B7.json (Caused by SSLError(SSLEOFError(8, '[SSL: UNEXPECTED_EOF_WHILE_READING] EOF occurred in violation of protocol (_ssl.c:1006)')))

During handling of the above exception, another exception occurred:

Traceback (most recent call last):
  File "<frozen runpy>", line 198, in _run_module_as_main
  File "<frozen runpy>", line 88, in _run_code
  File "/scratch/user/yining_yang/TAMU/PhD/Pannot-Data/data/fill_in_templates_parallel.py", line 255, in <module>
    main()
  File "/scratch/user/yining_yang/TAMU/PhD/Pannot-Data/data/fill_in_templates_parallel.py", line 185, in main
    meta_info = extract_uniprot_info(protein_id)
                ^^^^^^^^^^^^^^^^^^^^^^^^^^^^^^^^
  File "/scratch/user/yining_yang/TAMU/PhD/Pannot-Data/src/Composer/uniprot_utils.py", line 45, in extract_uniprot_info
    data = get_protein_info(protein_id)
           ^^^^^^^^^^^^^^^^^^^^^^^^^^^^
  File "/scratch/user/yining_yang/TAMU/PhD/Pannot-Data/src/Composer/uniprot_utils.py", line 6, in get_protein_info
    response = requests.get(url)
               ^^^^^^^^^^^^^^^^^
  File "/sw/eb/sw/Anaconda3/2024.02-1/lib/python3.11/site-packages/requests/api.py", line 73, in get
    return request("get", url, params=params, **kwargs)
           ^^^^^^^^^^^^^^^^^^^^^^^^^^^^^^^^^^^^^^^^^^^^
  File "/sw/eb/sw/Anaconda3/2024.02-1/lib/python3.11/site-packages/requests/api.py", line 59, in request
    return session.request(method=method, url=url, **kwargs)
           ^^^^^^^^^^^^^^^^^^^^^^^^^^^^^^^^^^^^^^^^^^^^^^^^^
  File "/sw/eb/sw/Anaconda3/2024.02-1/lib/python3.11/site-packages/requests/sessions.py", line 589, in request
    resp = self.send(prep, **send_kwargs)
           ^^^^^^^^^^^^^^^^^^^^^^^^^^^^^^
  File "/sw/eb/sw/Anaconda3/2024.02-1/lib/python3.11/site-packages/requests/sessions.py", line 703, in send
    r = adapter.send(request, **kwargs)
        ^^^^^^^^^^^^^^^^^^^^^^^^^^^^^^^
  File "/sw/eb/sw/Anaconda3/2024.02-1/lib/python3.11/site-packages/requests/adapters.py", line 517, in send
    raise SSLError(e, request=request)
requests.exceptions.SSLError: HTTPSConnectionPool(host='rest.uniprot.org', port=443): Max retries exceeded with url: /uniprotkb/Q8N8B7.json (Caused by SSLError(SSLEOFError(8, '[SSL: UNEXPECTED_EOF_WHILE_READING] EOF occurred in violation of protocol (_ssl.c:1006)')))
