/scratch/user/yining_yang/TAMU/PhD/Pannot-Data/src/Composer/template_utils.py:265: UserWarning: Unknown EC number 3.1.-.-
  warnings.warn(f"Unknown EC number {ec_number}")
/scratch/user/yining_yang/TAMU/PhD/Pannot-Data/src/Composer/template_utils.py:265: UserWarning: Unknown EC number 5.6.1.7
  warnings.warn(f"Unknown EC number {ec_number}")
Traceback (most recent call last):
  File "/sw/eb/sw/Anaconda3/2024.02-1/lib/python3.11/site-packages/urllib3/connectionpool.py", line 777, in urlopen
    self._prepare_proxy(conn)
  File "/sw/eb/sw/Anaconda3/2024.02-1/lib/python3.11/site-packages/urllib3/connectionpool.py", line 1046, in _prepare_proxy
    conn.connect()
  File "/sw/eb/sw/Anaconda3/2024.02-1/lib/python3.11/site-packages/urllib3/connection.py", line 625, in connect
    self._tunnel()  # type: ignore[attr-defined]
    ^^^^^^^^^^^^^^
  File "/sw/eb/sw/Anaconda3/2024.02-1/lib/python3.11/http/client.py", line 933, in _tunnel
    raise OSError(f"Tunnel connection failed: {code} {message.strip()}")
OSError: Tunnel connection failed: 503 Service Unavailable

The above exception was the direct cause of the following exception:

urllib3.exceptions.ProxyError: ('Unable to connect to proxy', OSError('Tunnel connection failed: 503 Service Unavailable'))

The above exception was the direct cause of the following exception:

Traceback (most recent call last):
  File "/sw/eb/sw/Anaconda3/2024.02-1/lib/python3.11/site-packages/requests/adapters.py", line 486, in send
    resp = conn.urlopen(
           ^^^^^^^^^^^^^
  File "/sw/eb/sw/Anaconda3/2024.02-1/lib/python3.11/site-packages/urllib3/connectionpool.py", line 845, in urlopen
    retries = retries.increment(
              ^^^^^^^^^^^^^^^^^^
  File "/sw/eb/sw/Anaconda3/2024.02-1/lib/python3.11/site-packages/urllib3/util/retry.py", line 515, in increment
    raise MaxRetryError(_pool, url, reason) from reason  # type: ignore[arg-type]
    ^^^^^^^^^^^^^^^^^^^^^^^^^^^^^^^^^^^^^^^^^^^^^^^^^^^
urllib3.exceptions.MaxRetryError: HTTPSConnectionPool(host='rest.uniprot.org', port=443): Max retries exceeded with url: /uniprotkb/Q9XB01.json (Caused by ProxyError('Unable to connect to proxy', OSError('Tunnel connection failed: 503 Service Unavailable')))

During handling of the above exception, another exception occurred:

Traceback (most recent call last):
  File "<frozen runpy>", line 198, in _run_module_as_main
  File "<frozen runpy>", line 88, in _run_code
  File "/scratch/user/yining_yang/TAMU/PhD/Pannot-Data/data/fill_in_templates_parallel.py", line 255, in <module>
    main()
  File "/scratch/user/yining_yang/TAMU/PhD/Pannot-Data/data/fill_in_templates_parallel.py", line 188, in main
    features_info = extract_uniprot_features(protein_id)
                    ^^^^^^^^^^^^^^^^^^^^^^^^^^^^^^^^^^^^
  File "/scratch/user/yining_yang/TAMU/PhD/Pannot-Data/src/Composer/uniprot_utils.py", line 402, in extract_uniprot_features
    data = get_protein_info(protein_id)
           ^^^^^^^^^^^^^^^^^^^^^^^^^^^^
  File "/scratch/user/yining_yang/TAMU/PhD/Pannot-Data/src/Composer/uniprot_utils.py", line 6, in get_protein_info
    response = requests.get(url)
               ^^^^^^^^^^^^^^^^^
  File "/sw/eb/sw/Anaconda3/2024.02-1/lib/python3.11/site-packages/requests/api.py", line 73, in get
    return request("get", url, params=params, **kwargs)
           ^^^^^^^^^^^^^^^^^^^^^^^^^^^^^^^^^^^^^^^^^^^^
  File "/sw/eb/sw/Anaconda3/2024.02-1/lib/python3.11/site-packages/requests/api.py", line 59, in request
    return session.request(method=method, url=url, **kwargs)
           ^^^^^^^^^^^^^^^^^^^^^^^^^^^^^^^^^^^^^^^^^^^^^^^^^
  File "/sw/eb/sw/Anaconda3/2024.02-1/lib/python3.11/site-packages/requests/sessions.py", line 589, in request
    resp = self.send(prep, **send_kwargs)
           ^^^^^^^^^^^^^^^^^^^^^^^^^^^^^^
  File "/sw/eb/sw/Anaconda3/2024.02-1/lib/python3.11/site-packages/requests/sessions.py", line 703, in send
    r = adapter.send(request, **kwargs)
        ^^^^^^^^^^^^^^^^^^^^^^^^^^^^^^^
  File "/sw/eb/sw/Anaconda3/2024.02-1/lib/python3.11/site-packages/requests/adapters.py", line 513, in send
    raise ProxyError(e, request=request)
requests.exceptions.ProxyError: HTTPSConnectionPool(host='rest.uniprot.org', port=443): Max retries exceeded with url: /uniprotkb/Q9XB01.json (Caused by ProxyError('Unable to connect to proxy', OSError('Tunnel connection failed: 503 Service Unavailable')))
